# DO NOT EDIT! Generated by protoc-gen-graphql.

extend type Query {
  foo_service: ProtocGenGraphqlTestBasic_FooService_Query!
}

type ProtocGenGraphqlTestBasic_FooService_Query {
  BarMethod(input: ProtocGenGraphqlTestBasic_ScalarFieldsInput!): ProtocGenGraphqlTestBasic_ScalarFields
  BazMethod(input: ProtocGenGraphqlTestBasic_ScalarFieldsInput!): ProtocGenGraphqlTestBasic_ScalarFields
}

type ProtocGenGraphqlTestBasic_ScalarFields {
  string_field: String!
  bytes_field: String!
  int32_field: Int!
  uint32_field: Int!
  sint32_field: Int!
  fixed32_field: Int!
  int64_field: Int!
  uint64_field: Int!
  sint64_field: Int!
  fixed64_field: Int!
  float_field: Float!
  double_field: Float!
  bool_field: Boolean!
}

input ProtocGenGraphqlTestBasic_ScalarFieldsInput {
  string_field: String
  bytes_field: String
  int32_field: Int
  uint32_field: Int
  sint32_field: Int
  fixed32_field: Int
  int64_field: Int
  uint64_field: Int
  sint64_field: Int
  fixed64_field: Int
  float_field: Float
  double_field: Float
  bool_field: Boolean
}

type ProtocGenGraphqlTestBasic_ComplexFields {
  message_field: ProtocGenGraphqlTestBasic_ScalarFields
  enum_field: ProtocGenGraphqlTestBasic_EnumType!
  repeated_scalar_field: [String!]!
  repeated_message_field: [ProtocGenGraphqlTestBasic_ScalarFields!]!
  map_field: [ProtocGenGraphqlTestBasic_ComplexFields_MapFieldEntry!]!
  oneof_field: ProtocGenGraphqlTestBasic_ComplexFields_OneofFieldOneof
  empty_field: ProtocGenGraphqlTestBasic_Empty
}

"""
`ProtocGenGraphqlTestBasic_ComplexFields_OneofFieldOneof` represents the `oneof_field` oneof in `protoc_gen_graphql.test.basic.ComplexFields`.
"""
union ProtocGenGraphqlTestBasic_ComplexFields_OneofFieldOneof = ProtocGenGraphqlTestBasic_ComplexFields_OneofFieldOneof_First | ProtocGenGraphqlTestBasic_ComplexFields_OneofFieldOneof_Second

"""
`ProtocGenGraphqlTestBasic_ComplexFields_OneofFieldOneof_First` represents the `first` oneof field in `protoc_gen_graphql.test.basic.ComplexFields`.
"""
type ProtocGenGraphqlTestBasic_ComplexFields_OneofFieldOneof_First {
  _typename: String
  first: String!
}

"""
`ProtocGenGraphqlTestBasic_ComplexFields_OneofFieldOneof_Second` represents the `second` oneof field in `protoc_gen_graphql.test.basic.ComplexFields`.
"""
type ProtocGenGraphqlTestBasic_ComplexFields_OneofFieldOneof_Second {
  _typename: String
  second: ProtocGenGraphqlTestBasic_ScalarFields
}

"""
`ProtocGenGraphqlTestBasic_ComplexFields_MapFieldEntry` represents the `map_field` map in `protoc_gen_graphql.test.basic.ComplexFields`.
"""
type ProtocGenGraphqlTestBasic_ComplexFields_MapFieldEntry {
  key: String!
  value: ProtocGenGraphqlTestBasic_EnumType!
}

type ProtocGenGraphqlTestBasic_Outer {
  middle: ProtocGenGraphqlTestBasic_Outer_Middle
  inner: ProtocGenGraphqlTestBasic_Outer_Middle_Inner
}

type ProtocGenGraphqlTestBasic_Outer_Middle {
  middle_name: String!
}

type ProtocGenGraphqlTestBasic_Outer_Middle_Inner {
  inner_name: String!
}

type ProtocGenGraphqlTestBasic_Empty {
  _empty: Boolean
}

enum ProtocGenGraphqlTestBasic_EnumType {
  UNKNOWN
  FIRST
  SECOND
}

enum ProtocGenGraphqlTestBasic_UnusedEnum {
  ZERO
}
