# DO NOT EDIT! Generated by protoc-gen-graphql.

type ProtocGenGraphqlTestOptional_Proto2ScalarFields {
  stringField: String
  bytesField: String
  int32Field: Int
  uint32Field: Int
  sint32Field: Int
  fixed32Field: Int
  int64Field: Int
  uint64Field: Int
  sint64Field: Int
  fixed64Field: Int
  floatField: Float
  doubleField: Float
  boolField: Boolean
  oneofField: ProtocGenGraphqlTestOptional_Proto2ScalarFields_OneofFieldOneof
  requiredStringField: String!
}

"""
`ProtocGenGraphqlTestOptional_Proto2ScalarFields_OneofFieldOneof` represents the `oneof_field` oneof in `protoc_gen_graphql.test.optional.Proto2ScalarFields`.
"""
union ProtocGenGraphqlTestOptional_Proto2ScalarFields_OneofFieldOneof = ProtocGenGraphqlTestOptional_Proto2ScalarFields_OneofFieldOneof_String_1 | ProtocGenGraphqlTestOptional_Proto2ScalarFields_OneofFieldOneof_String_2

"""
`ProtocGenGraphqlTestOptional_Proto2ScalarFields_OneofFieldOneof_String_1` represents the `string_1` oneof field in `protoc_gen_graphql.test.optional.Proto2ScalarFields`.
"""
type ProtocGenGraphqlTestOptional_Proto2ScalarFields_OneofFieldOneof_String_1 {
  _typename: String
  string1: String
}

"""
`ProtocGenGraphqlTestOptional_Proto2ScalarFields_OneofFieldOneof_String_2` represents the `string_2` oneof field in `protoc_gen_graphql.test.optional.Proto2ScalarFields`.
"""
type ProtocGenGraphqlTestOptional_Proto2ScalarFields_OneofFieldOneof_String_2 {
  _typename: String
  string2: String
}

type ProtocGenGraphqlTestOptional_Proto2NestedMessage {
  requiredSubMessage: ProtocGenGraphqlTestOptional_Proto2SubMessage!
  optionalSubMessage: ProtocGenGraphqlTestOptional_Proto2SubMessage
}

type ProtocGenGraphqlTestOptional_Proto2SubMessage {
  requiredString: String!
  optionalString: String
}
