# DO NOT EDIT! Generated by protoc-gen-graphql.

type ProtocGenGraphqlTestCycle_A {
  b: ProtocGenGraphqlTestCycle_B!
}

type ProtocGenGraphqlTestCycle_B {
  c: ProtocGenGraphqlTestCycle_C!
}

type ProtocGenGraphqlTestCycle_C {
  a: ProtocGenGraphqlTestCycle_A!
}
