# DO NOT EDIT! Generated by protoc-gen-graphql.

type ProtocGenGraphqlTestWrappers_Wrappers {
  boolValue: Boolean!
  bytesValue: String!
  doubleValue: Float!
  floatValue: Float!
  int32Value: Int!
  int64Value: Float!
  stringValue: String!
  uint32Value: Float!
  uint64Value: Float!
  boolValues: [Boolean!]!
}

input ProtocGenGraphqlTestWrappers_WrappersInput {
  boolValue: Boolean
  bytesValue: String
  doubleValue: Float
  floatValue: Float
  int32Value: Int
  int64Value: Float
  stringValue: String
  uint32Value: Float
  uint64Value: Float
  boolValues: [Boolean!]
}
