# DO NOT EDIT! Generated by protoc-gen-graphql.

"""
This is a comment attached to the Service service.
This is its second line.

And this is its second paragraph.
"""
type ProtocGenGraphqlTestGrpc_Service_Query {
  """
  This is a comment attached to the Method method.
  This is its second line.

  And this is its second paragraph.
  """
  method(input: ProtocGenGraphqlTestGrpc_RequestInput!): ProtocGenGraphqlTestGrpc_Response
  methodB(input: ProtocGenGraphqlTestGrpc_RequestBInput!): ProtocGenGraphqlTestGrpc_ResponseB
  deprecatedMethod(input: ProtocGenGraphqlTestGrpc_RequestInput!): ProtocGenGraphqlTestGrpc_Response @deprecated
}

type ProtocGenGraphqlTestGrpc_Request {
  stringField: String!
  foo: ProtocGenGraphqlTestGrpc_Request_Foo!
  bar: [ProtocGenGraphqlTestGrpc_Request_Foo_Bar!]!
  mapField: [ProtocGenGraphqlTestGrpc_Request_MapFieldEntry!]!
  oneofField: ProtocGenGraphqlTestGrpc_Request_OneofFieldOneof
  deprecatedField: String! @deprecated
}

"""
`ProtocGenGraphqlTestGrpc_Request_OneofFieldOneof` represents the `oneof_field` oneof in `protoc_gen_graphql.test.grpc.Request`.
"""
union ProtocGenGraphqlTestGrpc_Request_OneofFieldOneof = ProtocGenGraphqlTestGrpc_Request_OneofFieldOneof_First | ProtocGenGraphqlTestGrpc_Request_OneofFieldOneof_Second

"""
`ProtocGenGraphqlTestGrpc_Request_OneofFieldOneof_First` represents the `first` oneof field in `protoc_gen_graphql.test.grpc.Request`.
"""
type ProtocGenGraphqlTestGrpc_Request_OneofFieldOneof_First {
  _typename: String
  first: String!
}

"""
`ProtocGenGraphqlTestGrpc_Request_OneofFieldOneof_Second` represents the `second` oneof field in `protoc_gen_graphql.test.grpc.Request`.
"""
type ProtocGenGraphqlTestGrpc_Request_OneofFieldOneof_Second {
  _typename: String
  second: ProtocGenGraphqlTestGrpc_Request_Foo!
}

input ProtocGenGraphqlTestGrpc_RequestInput {
  stringField: String
  foo: ProtocGenGraphqlTestGrpc_Request_FooInput
  bar: [ProtocGenGraphqlTestGrpc_Request_Foo_BarInput!]
  mapField: [ProtocGenGraphqlTestGrpc_Request_MapFieldEntryInput!]
  oneofField: ProtocGenGraphqlTestGrpc_Request_OneofFieldOneofInput
  deprecatedField: String
}

input ProtocGenGraphqlTestGrpc_Request_OneofFieldOneofInput {
  first: String
  second: ProtocGenGraphqlTestGrpc_Request_FooInput
}

type ProtocGenGraphqlTestGrpc_Request_Foo {
  _empty: Boolean
}

input ProtocGenGraphqlTestGrpc_Request_FooInput {
  _empty: Boolean
}

type ProtocGenGraphqlTestGrpc_Request_Foo_Bar {
  bar: String!
}

input ProtocGenGraphqlTestGrpc_Request_Foo_BarInput {
  bar: String
}

"""
`ProtocGenGraphqlTestGrpc_Request_MapFieldEntry` represents the `map_field` map in `protoc_gen_graphql.test.grpc.Request`.
"""
type ProtocGenGraphqlTestGrpc_Request_MapFieldEntry {
  key: String!
  value: ProtocGenGraphqlTestGrpc_EnumType!
}

"""
`ProtocGenGraphqlTestGrpc_Request_MapFieldEntryInput` represents the `map_field` map in `protoc_gen_graphql.test.grpc.Request`.
"""
input ProtocGenGraphqlTestGrpc_Request_MapFieldEntryInput {
  key: String
  value: ProtocGenGraphqlTestGrpc_EnumType
}

type ProtocGenGraphqlTestGrpc_Response {
  stringField: String!
}

enum ProtocGenGraphqlTestGrpc_EnumType {
  UNKNOWN
  FIRST
  SECOND
}
